// Vitest Snapshot v1, https://vitest.dev/guide/snapshot.html

exports[`transformSync > dynamic components > should not allow dynamic components when experimentalDynamicDirective is set to false > "LWC1128: Invalid lwc:dynamic usage. The LWC dynamic directive must be enabled in order to use this feature." 1`] = `[Error: LWC1128: Invalid lwc:dynamic usage. The LWC dynamic directive must be enabled in order to use this feature.]`;
